// Jest Snapshot v1, https://goo.gl/fbAQLP

exports[`GET /flight-log Get flight log with Id should return a single row when data is present for the given Id 1`] = `
{
  "aircraft_registration": "OH-STL",
  "arrival_airport": "EFHK",
  "billable_member_id": 1,
  "billing_remarks": "N/A",
  "captain": "Virtanen",
  "copilot": "Nieminen",
  "created_at": Any<String>,
  "created_by": 10,
  "departure_airport": "EFHK",
  "flight_id": Any<Number>,
  "flight_type": "KOU",
  "fuel_uplift_litres": "50.00",
  "instrument_hours": "00:45:00",
  "invoice_number": "INV001",
  "is_billed": true,
  "landing_time_utc": "2025-03-01T10:00:00.000Z",
  "night_hours": "00:30:00",
  "number_of_landings": 1,
  "off_block_time_utc": "2025-03-01T08:15:00.000Z",
  "oil_uplift_litres": "1.50",
  "on_block_time_utc": "2025-03-01T08:00:00.000Z",
  "persons_on_board": 4,
  "remarks": "Smooth flight",
  "takeoff_time_utc": "2025-03-01T08:30:00.000Z",
  "updated_at": Any<String>,
  "updated_by": 10,
}
`;

exports[`GET /flight-log should allow query parameters to be optional 1`] = `
{
  "aircraft_registration": "OH-STL",
  "arrival_airport": "EFHK",
  "billable_member_id": 1,
  "billing_remarks": "N/A",
  "captain": "Virtanen",
  "copilot": "Nieminen",
  "created_at": Any<String>,
  "created_by": 10,
  "departure_airport": "EFHK",
  "flight_id": Any<Number>,
  "flight_type": "KOU",
  "fuel_uplift_litres": "50.00",
  "instrument_hours": "00:45:00",
  "invoice_number": "INV001",
  "is_billed": true,
  "landing_time_utc": "2025-03-01T10:00:00.000Z",
  "night_hours": "00:30:00",
  "number_of_landings": 1,
  "off_block_time_utc": "2025-03-01T08:15:00.000Z",
  "oil_uplift_litres": "1.50",
  "on_block_time_utc": "2025-03-01T08:00:00.000Z",
  "persons_on_board": 4,
  "remarks": "Smooth flight",
  "takeoff_time_utc": "2025-03-01T08:30:00.000Z",
  "updated_at": Any<String>,
  "updated_by": 10,
}
`;

exports[`GET /flight-log should return 200 with valid query params 1`] = `
{
  "aircraft_registration": "OH-STL",
  "arrival_airport": "EFHK",
  "billable_member_id": 1,
  "billing_remarks": "N/A",
  "captain": "Virtanen",
  "copilot": "Nieminen",
  "created_at": Any<String>,
  "created_by": 10,
  "departure_airport": "EFHK",
  "flight_id": Any<Number>,
  "flight_type": "KOU",
  "fuel_uplift_litres": "50.00",
  "instrument_hours": "00:45:00",
  "invoice_number": "INV001",
  "is_billed": true,
  "landing_time_utc": "2025-03-01T10:00:00.000Z",
  "night_hours": "00:30:00",
  "number_of_landings": 1,
  "off_block_time_utc": "2025-03-01T08:15:00.000Z",
  "oil_uplift_litres": "1.50",
  "on_block_time_utc": "2025-03-01T08:00:00.000Z",
  "persons_on_board": 4,
  "remarks": "Smooth flight",
  "takeoff_time_utc": "2025-03-01T08:30:00.000Z",
  "updated_at": Any<String>,
  "updated_by": 10,
}
`;
