// Jest Snapshot v1, https://goo.gl/fbAQLP

exports[`GET /ajlb should get all ajlbs for an admin user 1`] = `
{
  "books": [
    {
      "aircraftRegistration": "OH-IHQ",
      "endDate": "2025-04-04",
      "flightTime": "40:45",
      "minutesAtStart": 2445,
      "newFlightsCount": 0,
      "newFlightsPage": 0,
      "newFlightsTime": "00:00",
      "noOfPages": 80,
      "pagesInUse": 0,
      "rowsPerPage": 11,
      "seqNo": 1,
      "startDate": "2024-04-03",
      "startPage": 1,
      "validatedBeforeUTC": null,
    },
    {
      "aircraftRegistration": "OH-IHQ",
      "endDate": null,
      "flightTime": "6116:40",
      "minutesAtStart": 367000,
      "newFlightsCount": 0,
      "newFlightsPage": 1,
      "newFlightsTime": "00:00",
      "noOfPages": 90,
      "pagesInUse": 1,
      "rowsPerPage": 11,
      "seqNo": 2,
      "startDate": "2025-04-04",
      "startPage": 81,
      "validatedBeforeUTC": "2025-03-02T11:30:00.000Z",
    },
    {
      "aircraftRegistration": "OH-P28",
      "endDate": null,
      "flightTime": "5228:20",
      "minutesAtStart": 313700,
      "newFlightsCount": 0,
      "newFlightsPage": 1,
      "newFlightsTime": "00:00",
      "noOfPages": 90,
      "pagesInUse": 1,
      "rowsPerPage": 10,
      "seqNo": 4,
      "startDate": "2003-04-04",
      "startPage": 81,
      "validatedBeforeUTC": "2025-03-04T13:35:00.000Z",
    },
    {
      "aircraftRegistration": "OH-STL",
      "endDate": "2024-04-02",
      "flightTime": "10:10",
      "minutesAtStart": 610,
      "newFlightsCount": 191,
      "newFlightsPage": 1,
      "newFlightsTime": "350:10",
      "noOfPages": 100,
      "pagesInUse": 17,
      "rowsPerPage": 12,
      "seqNo": 1,
      "startDate": "2023-04-01",
      "startPage": 1,
      "validatedBeforeUTC": "2010-01-08T12:24:00.000Z",
    },
    {
      "aircraftRegistration": "OH-STL",
      "endDate": "2025-04-02",
      "flightTime": "167:00",
      "minutesAtStart": 10020,
      "newFlightsCount": 1,
      "newFlightsPage": 1,
      "newFlightsTime": "1:30",
      "noOfPages": 120,
      "pagesInUse": 1,
      "rowsPerPage": 11,
      "seqNo": 2,
      "startDate": "2024-04-02",
      "startPage": 101,
      "validatedBeforeUTC": "2025-03-01T10:15:00.000Z",
    },
    {
      "aircraftRegistration": "OH-STL",
      "endDate": null,
      "flightTime": "4783:20",
      "minutesAtStart": 287000,
      "newFlightsCount": 0,
      "newFlightsPage": 0,
      "newFlightsTime": "00:00",
      "noOfPages": 120,
      "pagesInUse": 0,
      "rowsPerPage": 11,
      "seqNo": 3,
      "startDate": "2025-04-02",
      "startPage": 101,
      "validatedBeforeUTC": null,
    },
  ],
}
`;

exports[`GET /ajlb should get filtered ajlbs for an admin user 1`] = `
{
  "books": [
    {
      "aircraftRegistration": "OH-P28",
      "endDate": null,
      "flightTime": "5228:20",
      "minutesAtStart": 313700,
      "newFlightsCount": 0,
      "newFlightsPage": 1,
      "newFlightsTime": "00:00",
      "noOfPages": 90,
      "pagesInUse": 1,
      "rowsPerPage": 10,
      "seqNo": 4,
      "startDate": "2003-04-04",
      "startPage": 81,
      "validatedBeforeUTC": "2025-03-04T13:35:00.000Z",
    },
  ],
}
`;
