// Jest Snapshot v1, https://goo.gl/fbAQLP

exports[`Db query tests should return member data for a valid email address 1`] = `
{
  "billing_id": "BILL001",
  "can_make_reservations": true,
  "created_at": Any<Date>,
  "created_by": "admin",
  "date_of_birth": Any<Date>,
  "email": "matti.virtanen@example.com",
  "first_name": "Matti",
  "ice_contact_name": "Liisa Virtanen",
  "ice_contact_phone_number": "0407654321",
  "is_training_program_pilot": false,
  "last_name": "Virtanen",
  "member_id": 1,
  "member_since": Any<Date>,
  "member_type_id": "FLYING",
  "phone_number": "0401234567",
  "postcode": "00100",
  "street_address": "Keskuskatu 1",
  "town_city": "Helsinki",
  "updated_at": Any<Date>,
  "updated_by": "admin",
}
`;
