// Jest Snapshot v1, https://goo.gl/fbAQLP

exports[`Db query tests getMember should return member data for a valid email address 1`] = `
{
  "billing_id": "BILL001",
  "can_make_reservations": true,
  "created_at": Any<Date>,
  "created_by": "admin",
  "date_of_birth": Any<Date>,
  "email": "matti.virtanen@example.com",
  "first_name": "Matti",
  "ice_contact_name": "Liisa Virtanen",
  "ice_contact_phone_number": "0407654321",
  "is_training_program_pilot": false,
  "last_name": "Virtanen",
  "member_id": 1,
  "member_since": Any<Date>,
  "member_type_id": "FLYING",
  "phone_number": "0401234567",
  "postcode": "00100",
  "street_address": "Keskuskatu 1",
  "town_city": "Helsinki",
  "updated_at": Any<Date>,
  "updated_by": "admin",
}
`;

exports[`Db query tests getMemberRoles should return roles for given valid member 1`] = `
[
  "USER",
  "INSTRUCTOR",
]
`;

exports[`Db query tests getMembers should return members 1`] = `
[
  {
    "memberId": 1,
    "name": "Matti Virtanen",
    "phoneNumber": "0401234567",
  },
  {
    "memberId": 2,
    "name": "Liisa Korhonen",
    "phoneNumber": "0412345678",
  },
  {
    "memberId": 3,
    "name": "Jukka Nieminen",
    "phoneNumber": "0423456789",
  },
  {
    "memberId": 4,
    "name": "Anna Mäkinen",
    "phoneNumber": "0434567890",
  },
  {
    "memberId": 5,
    "name": "Pekka Hämäläinen",
    "phoneNumber": "0445678901",
  },
  {
    "memberId": 6,
    "name": "Kaisa Laine",
    "phoneNumber": "0456789012",
  },
  {
    "memberId": 7,
    "name": "Antti Heikkinen",
    "phoneNumber": "0467890123",
  },
  {
    "memberId": 8,
    "name": "Sanna Koskinen",
    "phoneNumber": "0478901234",
  },
  {
    "memberId": 9,
    "name": "Juha Seppälä",
    "phoneNumber": "0489012345",
  },
  {
    "memberId": 10,
    "name": "Marja Salminen",
    "phoneNumber": "0490123456",
  },
]
`;
